Gtk-Message: GtkDialog mapped without a transient parent. This is discouraged.
